// Jest Snapshot v1, https://goo.gl/fbAQLP

exports[`[Component] - [Button] should render button component correctly 1`] = `
<View
  style={
    [
      {},
    ]
  }
>
  <View
    style={
      [
        {
          "overflow": "hidden",
        },
        {
          "borderRadius": 2,
        },
        undefined,
        false,
      ]
    }
    testID="RNE_BUTTON_WRAPPER"
  >
    <View
      accessibilityRole="button"
      accessibilityState={
        {
          "busy": false,
          "checked": undefined,
          "disabled": false,
          "expanded": undefined,
          "selected": undefined,
        }
      }
      accessibilityValue={
        {
          "max": undefined,
          "min": undefined,
          "now": undefined,
          "text": undefined,
        }
      }
      accessible={true}
      focusable={true}
      nativeBackgroundAndroid={
        {
          "attribute": "selectableItemBackground",
          "rippleRadius": undefined,
          "type": "ThemeAttrAndroid",
        }
      }
      onClick={[Function]}
      onResponderGrant={[Function]}
      onResponderMove={[Function]}
      onResponderRelease={[Function]}
      onResponderTerminate={[Function]}
      onResponderTerminationRequest={[Function]}
      onStartShouldSetResponder={[Function]}
      style={
        {
          "alignItems": "center",
          "backgroundColor": "blue",
          "borderColor": "#F2811D",
          "borderRadius": 2,
          "borderWidth": 0,
          "flexDirection": "row",
          "justifyContent": "center",
          "padding": 8,
          "paddingHorizontal": 10,
        }
      }
    >
      <Text
        style={
          {
            "color": "white",
            "fontFamily": "sans-serif-medium",
            "fontSize": 16,
            "paddingVertical": 1,
            "textAlign": "center",
          }
        }
      >
        Press me
      </Text>
    </View>
  </View>
</View>
`;
