// Jest Snapshot v1, https://goo.gl/fbAQLP

exports[`Component] - [Selector-Android] should render selector component correctly for android 1`] = `
<RNCAndroidDialogPicker
  items={
    [
      {
        "color": null,
        "enabled": true,
        "label": "Option 1",
        "style": {
          "backgroundColor": null,
          "color": null,
        },
      },
      {
        "color": null,
        "enabled": true,
        "label": "Option 2",
        "style": {
          "backgroundColor": null,
          "color": null,
        },
      },
    ]
  }
  onSelect={[Function]}
  selected={0}
  style={
    [
      undefined,
    ]
  }
/>
`;
